[iws.mx/dnd/index.html]
[backblue.gif]
[fade.gif]
[index.html]
[iws.mx/dnd/4e_database_files/res/manifest.json]
[iws.mx/dnd/4e_database_files/res/icon.png]
[iws.mx/dnd/4e_database_files/res/stylede32.css]
[iws.mx/dnd/index46b3.html]
[raw.githubusercontent.com/Sheep-y/trpg-dnd-4e-db/master/res/img/History - 1st alpha.jpg]
[iws.mx/dnd/index10ae.html]
[raw.githubusercontent.com/Sheep-y/trpg-dnd-4e-db/master/res/img/History - 1st gen.jpg]
[raw.githubusercontent.com/Sheep-y/trpg-dnd-4e-db/master/res/img/History - 2nd alpha.jpg]
[raw.githubusercontent.com/Sheep-y/trpg-dnd-4e-db/master/res/img/History - 3rd alpha.jpg]
[raw.githubusercontent.com/Sheep-y/trpg-dnd-4e-db/master/res/img/History - v3.5 viewer.png]
[iws.mx/dnd/index.html]
[iws.mx/dnd/index46b3.html]
[iws.mx/dnd/index10ae.html]
[iws.mx/dnd/4e_database_files/res/scriptde32.js]
[iws.mx/dnd/4e_database_files/res/viewer_category_icon.png]
[iws.mx/dnd/4e_database_files/res/stylede32.css]
[raw.githubusercontent.com/Sheep-y/trpg-dnd-4e-db/res/img/History - 1st alpha.jpg]
